C:/Users/ADMIN/OneDrive/Máy tính/N23DCCI041-Tran Tien Loc/STUDY/Exam3k1/ThuVien_SDK_1.0.3_NUCLEO-F401RE-master/shared/Middle/buzzer/buzzer.c:63:1:BuzzerControl_Init	8	static
C:/Users/ADMIN/OneDrive/Máy tính/N23DCCI041-Tran Tien Loc/STUDY/Exam3k1/ThuVien_SDK_1.0.3_NUCLEO-F401RE-master/shared/Middle/buzzer/buzzer.c:76:1:BuzzOff	16	static
C:/Users/ADMIN/OneDrive/Máy tính/N23DCCI041-Tran Tien Loc/STUDY/Exam3k1/ThuVien_SDK_1.0.3_NUCLEO-F401RE-master/shared/Middle/buzzer/buzzer.c:96:1:BuzzPlay	32	static
C:/Users/ADMIN/OneDrive/Máy tính/N23DCCI041-Tran Tien Loc/STUDY/Exam3k1/ThuVien_SDK_1.0.3_NUCLEO-F401RE-master/shared/Middle/buzzer/buzzer.c:128:1:BuzzerControl_SetMelody	16	static
C:/Users/ADMIN/OneDrive/Máy tính/N23DCCI041-Tran Tien Loc/STUDY/Exam3k1/ThuVien_SDK_1.0.3_NUCLEO-F401RE-master/shared/Middle/buzzer/buzzer.c:143:1:BuzzerControl_SendPacketRespond	32	static
C:/Users/ADMIN/OneDrive/Máy tính/N23DCCI041-Tran Tien Loc/STUDY/Exam3k1/ThuVien_SDK_1.0.3_NUCLEO-F401RE-master/shared/Middle/buzzer/buzzer.c:165:1:BUZZTIM_InitTimer	40	static
C:/Users/ADMIN/OneDrive/Máy tính/N23DCCI041-Tran Tien Loc/STUDY/Exam3k1/ThuVien_SDK_1.0.3_NUCLEO-F401RE-master/shared/Middle/buzzer/buzzer.c:191:1:BUZZTIM_InitPWMChannel	48	static
C:/Users/ADMIN/OneDrive/Máy tính/N23DCCI041-Tran Tien Loc/STUDY/Exam3k1/ThuVien_SDK_1.0.3_NUCLEO-F401RE-master/shared/Middle/buzzer/buzzer.c:231:1:BuzzerControl_SetDutyCycle	24	static
C:/Users/ADMIN/OneDrive/Máy tính/N23DCCI041-Tran Tien Loc/STUDY/Exam3k1/ThuVien_SDK_1.0.3_NUCLEO-F401RE-master/shared/Middle/buzzer/buzzer.c:250:1:BuzzerControl_SetPreriod	16	static
