22:30:04 **** Build of configuration Debug for project Bai3_GPIO ****
make -j12 all 
arm-none-eabi-gcc "../Src/main.c" -mcpu=cortex-m4 -std=gnu11 -g3 -DDEBUG -DNUCLEO_F401RE -DSTM32 -DSTM32F401RETx -DSTM32F4 -c -I../Inc -I"C:/Users/ADMIN/OneDrive/Máy tính/N23DCCI041-Tran Tien Loc/STUDY/Exam3k1/ThuVien_SDK_1.0.3_NUCLEO-F401RE-master/shared/Drivers/CMSIS/Include" -I"C:/Users/ADMIN/OneDrive/Máy tính/N23DCCI041-Tran Tien Loc/STUDY/Exam3k1/ThuVien_SDK_1.0.3_NUCLEO-F401RE-master/shared/Drivers/STM32F401RE_StdPeriph_Driver/inc" -I"C:/Users/ADMIN/OneDrive/Máy tính/N23DCCI041-Tran Tien Loc/STUDY/Exam3k1/ThuVien_SDK_1.0.3_NUCLEO-F401RE-master/shared/Middle/button" -I"C:/Users/ADMIN/OneDrive/Máy tính/N23DCCI041-Tran Tien Loc/STUDY/Exam3k1/ThuVien_SDK_1.0.3_NUCLEO-F401RE-master/shared/Middle/buzzer" -I"C:/Users/ADMIN/OneDrive/Máy tính/N23DCCI041-Tran Tien Loc/STUDY/Exam3k1/ThuVien_SDK_1.0.3_NUCLEO-F401RE-master/shared/Middle/led" -I"C:/Users/ADMIN/OneDrive/Máy tính/N23DCCI041-Tran Tien Loc/STUDY/Exam3k1/ThuVien_SDK_1.0.3_NUCLEO-F401RE-master/shared/Middle/rtos" -I"C:/Users/ADMIN/OneDrive/Máy tính/N23DCCI041-Tran Tien Loc/STUDY/Exam3k1/ThuVien_SDK_1.0.3_NUCLEO-F401RE-master/shared/Middle/sensor" -I"C:/Users/ADMIN/OneDrive/Máy tính/N23DCCI041-Tran Tien Loc/STUDY/Exam3k1/ThuVien_SDK_1.0.3_NUCLEO-F401RE-master/shared/Middle/serial" -I"C:/Users/ADMIN/OneDrive/Máy tính/N23DCCI041-Tran Tien Loc/STUDY/Exam3k1/ThuVien_SDK_1.0.3_NUCLEO-F401RE-master/shared/Middle/ucglib" -I"C:/Users/ADMIN/OneDrive/Máy tính/N23DCCI041-Tran Tien Loc/STUDY/Exam3k1/ThuVien_SDK_1.0.3_NUCLEO-F401RE-master/shared/Utilities" -O0 -ffunction-sections -fdata-sections -Wall -fstack-usage -fcyclomatic-complexity -MMD -MP -MF"Src/main.d" -MT"Src/main.o" --specs=nano.specs -mfpu=fpv4-sp-d16 -mfloat-abi=hard -mthumb -o "Src/main.o"
arm-none-eabi-gcc -o "Bai3_GPIO.elf" @"objects.list"  -lLibraries -mcpu=cortex-m4 -T"D:\Study_Loc\STM32\GPIO\Bai3_GPIO\STM32F401RETX_FLASH.ld" --specs=nosys.specs -Wl,-Map="Bai3_GPIO.map" -Wl,--gc-sections -static -L"C:\Users\ADMIN\OneDrive\Máy tính\N23DCCI041-Tran Tien Loc\STUDY\Exam3k1\ThuVien_SDK_1.0.3_NUCLEO-F401RE-master\lib_stm" --specs=nano.specs -mfpu=fpv4-sp-d16 -mfloat-abi=hard -mthumb -Wl,--start-group -lc -lm -Wl,--end-group
Finished building target: Bai3_GPIO.elf
 
arm-none-eabi-size  Bai3_GPIO.elf 
arm-none-eabi-objdump -h -S Bai3_GPIO.elf  > "Bai3_GPIO.list"
   text	   data	    bss	    dec	    hex	filename
   2256	      0	   1576	   3832	    ef8	Bai3_GPIO.elf
Finished building: default.size.stdout
 
Finished building: Bai3_GPIO.list
 

22:30:06 Build Finished. 0 errors, 0 warnings. (took 2s.63ms)

